// Jest Snapshot v1, https://goo.gl/fbAQLP

exports[`colonial css, sheet, style 1`] = `
Array [
  Object {
    "_0": Object {
      "color": "red",
    },
  },
  Object {
    "_1": Object {
      "backgroundColor": "blue",
      "borderBottomWidth": "4px",
      "color": "red",
    },
  },
  Object {
    "_2": Object {
      "backgroundColor": "blue",
      "color": "red",
    },
  },
]
`;
